26/04/2026 15:20:36 - root - INFO - -------------------------------------------------- INITIATING DZIMBA --------------------------------------------------
26/04/2026 15:20:36 - root - CRITICAL - No logger configured for source VERRA Makelaars.
26/04/2026 15:20:37 - root - INFO - Applying filters on source 'VERRA Makelaars'.
26/04/2026 15:20:37 - root - INFO - Number of listings before filtering:	755
26/04/2026 15:20:37 - root - INFO - Number of listings after applying filter 'city':	406
26/04/2026 15:20:37 - root - INFO - Number of listings after applying filter 'isForRental':	300
26/04/2026 15:20:37 - root - INFO - Number of listings after applying filter 'rentalStatusNL':	19
26/04/2026 15:20:37 - root - INFO - Number of listings after applying filter 'rentalStatusEN':	19
26/04/2026 15:20:37 - root - INFO - Number of listings after applying filter 'rentalPrice':	2
26/04/2026 15:20:37 - root - INFO - Number of listings after applying filter 'energyLabel':	2
26/04/2026 15:20:37 - root - CRITICAL - No logger configured for source HouseHunting.
26/04/2026 15:20:38 - root - CRITICAL - No logger configured for source Rent An Apartment NL.
26/04/2026 15:20:41 - root - INFO - Applying filters on source 'Rent An Apartment NL'.
26/04/2026 15:20:41 - root - INFO - Number of listings before filtering:	23
26/04/2026 15:20:41 - root - INFO - Number of listings after applying filter 'city':	21
26/04/2026 15:20:41 - root - INFO - Number of listings after applying filter 'rentalPrice':	4
26/04/2026 15:20:41 - root - INFO - Filtering by energy label failed for source 'Rent An Apartment NL'
26/04/2026 15:20:41 - Pararius - INFO - -------------------------------------------------- INITIATING PARARIUS SEARCH --------------------------------------------------
26/04/2026 15:20:41 - Pararius - INFO - Urls after adding all filters:
https://www.pararius.nl/huurwoningen/haarlem/2-slaapkamers/1000-1800/sinds-1
https://www.pararius.nl/huurwoningen/amersfoort/2-slaapkamers/1000-1800/sinds-1
https://www.pararius.nl/huurwoningen/hilversum/2-slaapkamers/1000-1800/sinds-1
https://www.pararius.nl/huurwoningen/weesp/2-slaapkamers/1000-1800/sinds-1
https://www.pararius.nl/huurwoningen/utrecht/2-slaapkamers/1000-1800/sinds-1
https://www.pararius.nl/huurwoningen/delft/2-slaapkamers/1000-1800/sinds-1
https://www.pararius.nl/huurwoningen/den-bosch/2-slaapkamers/1000-1800/sinds-1
https://www.pararius.nl/huurwoningen/den-haag/2-slaapkamers/1000-1800/sinds-1
https://www.pararius.nl/huurwoningen/almere/2-slaapkamers/1000-1800/sinds-1
https://www.pararius.nl/huurwoningen/utrecht/2-slaapkamers/1000-1800/sinds-1
https://www.pararius.nl/huurwoningen/lelystad/2-slaapkamers/1000-1800/sinds-1
https://www.pararius.nl/huurwoningen/leiden/2-slaapkamers/1000-1800/sinds-1
https://www.pararius.nl/huurwoningen/gouda/2-slaapkamers/1000-1800/sinds-1
26/04/2026 15:20:41 - root - CRITICAL - No logger configured for source Rental Rotterdam.
26/04/2026 15:20:42 - root - INFO - Applying filters on source 'Rental Rotterdam'.
26/04/2026 15:20:42 - root - INFO - Number of listings before filtering:	7
26/04/2026 15:20:42 - root - INFO - Number of listings after applying filter 'city':	7
26/04/2026 15:20:42 - root - INFO - Number of listings after applying filter 'energyLabel':	6
26/04/2026 15:20:42 - root - CRITICAL - No logger configured for source Woonzeker.
26/04/2026 15:20:42 - root - INFO - Applying filters on source 'Woonzeker'.
26/04/2026 15:20:42 - root - INFO - Number of listings before filtering:	30
26/04/2026 15:20:42 - root - INFO - Number of listings after applying filter 'rentalStatusNL':	9
26/04/2026 15:20:42 - root - INFO - Terminating Dzimba after successfully cycling through all sources.
26/04/2026 15:31:21 - root - INFO - -------------------------------------------------- INITIATING DZIMBA --------------------------------------------------
26/04/2026 15:31:22 - Verra - INFO - Applying filters on source 'VERRA Makelaars'.
26/04/2026 15:31:22 - Verra - INFO - Number of listings before filtering:	755
26/04/2026 15:31:22 - Verra - INFO - Number of listings after applying filter 'city':	406
26/04/2026 15:31:22 - Verra - INFO - Number of listings after applying filter 'isForRental':	300
26/04/2026 15:31:22 - Verra - INFO - Number of listings after applying filter 'rentalStatusNL':	19
26/04/2026 15:31:22 - Verra - INFO - Number of listings after applying filter 'rentalStatusEN':	19
26/04/2026 15:31:22 - Verra - INFO - Number of listings after applying filter 'rentalPrice':	2
26/04/2026 15:31:22 - Verra - INFO - Number of listings after applying filter 'energyLabel':	2
26/04/2026 15:31:26 - RAANL - INFO - Applying filters on source 'Rent An Apartment NL'.
26/04/2026 15:31:26 - RAANL - INFO - Number of listings before filtering:	23
26/04/2026 15:31:26 - RAANL - INFO - Number of listings after applying filter 'city':	21
26/04/2026 15:31:26 - RAANL - INFO - Number of listings after applying filter 'rentalPrice':	4
26/04/2026 15:31:26 - RAANL - INFO - Filtering by energy label failed for source 'Rent An Apartment NL'
26/04/2026 15:31:26 - Pararius - INFO - -------------------------------------------------- INITIATING PARARIUS SEARCH --------------------------------------------------
26/04/2026 15:31:26 - Pararius - INFO - Requesting resource https://www.pararius.nl/huurwoningen/haarlem/2-slaapkamers/1000-1800/sinds-1
26/04/2026 15:31:27 - Pararius - INFO - No results returned by https://www.pararius.nl/huurwoningen/haarlem/2-slaapkamers/1000-1800/sinds-1.
26/04/2026 15:31:27 - Pararius - INFO - Requesting resource https://www.pararius.nl/huurwoningen/amersfoort/2-slaapkamers/1000-1800/sinds-1
26/04/2026 15:31:27 - Pararius - INFO - No results returned by https://www.pararius.nl/huurwoningen/amersfoort/2-slaapkamers/1000-1800/sinds-1.
26/04/2026 15:31:27 - Pararius - INFO - Requesting resource https://www.pararius.nl/huurwoningen/hilversum/2-slaapkamers/1000-1800/sinds-1
26/04/2026 15:31:27 - Pararius - INFO - No results returned by https://www.pararius.nl/huurwoningen/hilversum/2-slaapkamers/1000-1800/sinds-1.
26/04/2026 15:31:27 - Pararius - INFO - Requesting resource https://www.pararius.nl/huurwoningen/weesp/2-slaapkamers/1000-1800/sinds-1
26/04/2026 15:31:28 - Pararius - INFO - No results returned by https://www.pararius.nl/huurwoningen/weesp/2-slaapkamers/1000-1800/sinds-1.
26/04/2026 15:31:28 - Pararius - INFO - Requesting resource https://www.pararius.nl/huurwoningen/utrecht/2-slaapkamers/1000-1800/sinds-1
26/04/2026 15:31:28 - Pararius - INFO - No results returned by https://www.pararius.nl/huurwoningen/utrecht/2-slaapkamers/1000-1800/sinds-1.
26/04/2026 15:31:28 - Pararius - INFO - Requesting resource https://www.pararius.nl/huurwoningen/delft/2-slaapkamers/1000-1800/sinds-1
26/04/2026 15:31:28 - Pararius - INFO - No results returned by https://www.pararius.nl/huurwoningen/delft/2-slaapkamers/1000-1800/sinds-1.
26/04/2026 15:31:28 - Pararius - INFO - Requesting resource https://www.pararius.nl/huurwoningen/den-bosch/2-slaapkamers/1000-1800/sinds-1
26/04/2026 15:31:29 - Pararius - INFO - No results returned by https://www.pararius.nl/huurwoningen/den-bosch/2-slaapkamers/1000-1800/sinds-1.
26/04/2026 15:31:29 - Pararius - INFO - Requesting resource https://www.pararius.nl/huurwoningen/den-haag/2-slaapkamers/1000-1800/sinds-1
26/04/2026 15:31:29 - Pararius - INFO - No results returned by https://www.pararius.nl/huurwoningen/den-haag/2-slaapkamers/1000-1800/sinds-1.
26/04/2026 15:31:29 - Pararius - INFO - Requesting resource https://www.pararius.nl/huurwoningen/almere/2-slaapkamers/1000-1800/sinds-1
26/04/2026 15:31:30 - Pararius - INFO - No results returned by https://www.pararius.nl/huurwoningen/almere/2-slaapkamers/1000-1800/sinds-1.
26/04/2026 15:31:30 - Pararius - INFO - Requesting resource https://www.pararius.nl/huurwoningen/utrecht/2-slaapkamers/1000-1800/sinds-1
26/04/2026 15:31:30 - Pararius - INFO - No results returned by https://www.pararius.nl/huurwoningen/utrecht/2-slaapkamers/1000-1800/sinds-1.
26/04/2026 15:31:30 - Pararius - INFO - Requesting resource https://www.pararius.nl/huurwoningen/lelystad/2-slaapkamers/1000-1800/sinds-1
26/04/2026 15:31:30 - Pararius - INFO - No results returned by https://www.pararius.nl/huurwoningen/lelystad/2-slaapkamers/1000-1800/sinds-1.
26/04/2026 15:31:30 - Pararius - INFO - Requesting resource https://www.pararius.nl/huurwoningen/leiden/2-slaapkamers/1000-1800/sinds-1
26/04/2026 15:31:31 - Pararius - INFO - No results returned by https://www.pararius.nl/huurwoningen/leiden/2-slaapkamers/1000-1800/sinds-1.
26/04/2026 15:31:31 - Pararius - INFO - Requesting resource https://www.pararius.nl/huurwoningen/gouda/2-slaapkamers/1000-1800/sinds-1
26/04/2026 15:31:31 - Pararius - INFO - No results returned by https://www.pararius.nl/huurwoningen/gouda/2-slaapkamers/1000-1800/sinds-1.
26/04/2026 15:31:32 - RentalRotterdam - INFO - Applying filters on source 'Rental Rotterdam'.
26/04/2026 15:31:32 - RentalRotterdam - INFO - Number of listings before filtering:	7
26/04/2026 15:31:32 - RentalRotterdam - INFO - Number of listings after applying filter 'city':	7
26/04/2026 15:31:32 - RentalRotterdam - INFO - Number of listings after applying filter 'energyLabel':	6
26/04/2026 15:31:32 - Woonzeker - INFO - Applying filters on source 'Woonzeker'.
26/04/2026 15:31:32 - Woonzeker - INFO - Number of listings before filtering:	30
26/04/2026 15:31:32 - Woonzeker - INFO - Number of listings after applying filter 'rentalStatusNL':	9
26/04/2026 15:31:32 - root - INFO - -------------------------------------------------- Terminating DZIMBA --------------------------------------------------
26/04/2026 15:35:43 - root - INFO - -------------------------------------------------- Initiating Dzimba --------------------------------------------------
26/04/2026 15:35:44 - Verra - INFO - Applying filters on source 'VERRA Makelaars'.
26/04/2026 15:35:44 - Verra - INFO - Number of listings before filtering:	755
26/04/2026 15:35:44 - Verra - INFO - Number of listings after applying filter 'city':	406
26/04/2026 15:35:44 - Verra - INFO - Number of listings after applying filter 'isForRental':	300
26/04/2026 15:35:44 - Verra - INFO - Number of listings after applying filter 'rentalStatusNL':	19
26/04/2026 15:35:44 - Verra - INFO - Number of listings after applying filter 'rentalStatusEN':	19
26/04/2026 15:35:44 - Verra - INFO - Number of listings after applying filter 'rentalPrice':	2
26/04/2026 15:35:44 - Verra - INFO - Number of listings after applying filter 'energyLabel':	2
26/04/2026 15:35:48 - RAANL - INFO - Applying filters on source 'Rent An Apartment NL'.
26/04/2026 15:35:48 - RAANL - INFO - Number of listings before filtering:	23
26/04/2026 15:35:48 - RAANL - INFO - Number of listings after applying filter 'city':	21
26/04/2026 15:35:48 - RAANL - INFO - Number of listings after applying filter 'rentalPrice':	4
26/04/2026 15:35:48 - RAANL - INFO - Filtering by energy label failed for source 'Rent An Apartment NL'
26/04/2026 15:35:48 - Pararius - INFO - -------------------------------------------------- INITIATING PARARIUS SEARCH --------------------------------------------------
26/04/2026 15:35:48 - Pararius - INFO - Requesting resource https://www.pararius.nl/huurwoningen/haarlem/2-slaapkamers/1000-1800/sinds-1
26/04/2026 15:35:49 - Pararius - INFO - No results returned by https://www.pararius.nl/huurwoningen/haarlem/2-slaapkamers/1000-1800/sinds-1.
26/04/2026 15:35:49 - Pararius - INFO - Requesting resource https://www.pararius.nl/huurwoningen/amersfoort/2-slaapkamers/1000-1800/sinds-1
26/04/2026 15:35:49 - Pararius - INFO - No results returned by https://www.pararius.nl/huurwoningen/amersfoort/2-slaapkamers/1000-1800/sinds-1.
26/04/2026 15:35:49 - Pararius - INFO - Requesting resource https://www.pararius.nl/huurwoningen/hilversum/2-slaapkamers/1000-1800/sinds-1
26/04/2026 15:35:50 - Pararius - INFO - No results returned by https://www.pararius.nl/huurwoningen/hilversum/2-slaapkamers/1000-1800/sinds-1.
26/04/2026 15:35:50 - Pararius - INFO - Requesting resource https://www.pararius.nl/huurwoningen/weesp/2-slaapkamers/1000-1800/sinds-1
26/04/2026 15:35:50 - Pararius - INFO - No results returned by https://www.pararius.nl/huurwoningen/weesp/2-slaapkamers/1000-1800/sinds-1.
26/04/2026 15:35:50 - Pararius - INFO - Requesting resource https://www.pararius.nl/huurwoningen/utrecht/2-slaapkamers/1000-1800/sinds-1
26/04/2026 15:35:50 - Pararius - INFO - No results returned by https://www.pararius.nl/huurwoningen/utrecht/2-slaapkamers/1000-1800/sinds-1.
26/04/2026 15:35:50 - Pararius - INFO - Requesting resource https://www.pararius.nl/huurwoningen/delft/2-slaapkamers/1000-1800/sinds-1
26/04/2026 15:35:51 - Pararius - INFO - No results returned by https://www.pararius.nl/huurwoningen/delft/2-slaapkamers/1000-1800/sinds-1.
26/04/2026 15:35:51 - Pararius - INFO - Requesting resource https://www.pararius.nl/huurwoningen/den-bosch/2-slaapkamers/1000-1800/sinds-1
26/04/2026 15:35:51 - Pararius - INFO - No results returned by https://www.pararius.nl/huurwoningen/den-bosch/2-slaapkamers/1000-1800/sinds-1.
26/04/2026 15:35:51 - Pararius - INFO - Requesting resource https://www.pararius.nl/huurwoningen/den-haag/2-slaapkamers/1000-1800/sinds-1
26/04/2026 15:35:52 - Pararius - INFO - No results returned by https://www.pararius.nl/huurwoningen/den-haag/2-slaapkamers/1000-1800/sinds-1.
26/04/2026 15:35:52 - Pararius - INFO - Requesting resource https://www.pararius.nl/huurwoningen/almere/2-slaapkamers/1000-1800/sinds-1
26/04/2026 15:35:52 - Pararius - INFO - No results returned by https://www.pararius.nl/huurwoningen/almere/2-slaapkamers/1000-1800/sinds-1.
26/04/2026 15:35:52 - Pararius - INFO - Requesting resource https://www.pararius.nl/huurwoningen/utrecht/2-slaapkamers/1000-1800/sinds-1
26/04/2026 15:35:53 - Pararius - INFO - No results returned by https://www.pararius.nl/huurwoningen/utrecht/2-slaapkamers/1000-1800/sinds-1.
26/04/2026 15:35:53 - Pararius - INFO - Requesting resource https://www.pararius.nl/huurwoningen/lelystad/2-slaapkamers/1000-1800/sinds-1
26/04/2026 15:35:53 - Pararius - INFO - No results returned by https://www.pararius.nl/huurwoningen/lelystad/2-slaapkamers/1000-1800/sinds-1.
26/04/2026 15:35:53 - Pararius - INFO - Requesting resource https://www.pararius.nl/huurwoningen/leiden/2-slaapkamers/1000-1800/sinds-1
26/04/2026 15:35:54 - Pararius - INFO - No results returned by https://www.pararius.nl/huurwoningen/leiden/2-slaapkamers/1000-1800/sinds-1.
26/04/2026 15:35:54 - Pararius - INFO - Requesting resource https://www.pararius.nl/huurwoningen/gouda/2-slaapkamers/1000-1800/sinds-1
26/04/2026 15:35:54 - Pararius - INFO - No results returned by https://www.pararius.nl/huurwoningen/gouda/2-slaapkamers/1000-1800/sinds-1.
26/04/2026 15:35:55 - RentalRotterdam - INFO - Applying filters on source 'Rental Rotterdam'.
26/04/2026 15:35:55 - RentalRotterdam - INFO - Number of listings before filtering:	7
26/04/2026 15:35:55 - RentalRotterdam - INFO - Number of listings after applying filter 'city':	7
26/04/2026 15:35:55 - RentalRotterdam - INFO - Number of listings after applying filter 'energyLabel':	6
26/04/2026 15:35:55 - Woonzeker - INFO - Applying filters on source 'Woonzeker'.
26/04/2026 15:35:55 - Woonzeker - INFO - Number of listings before filtering:	30
26/04/2026 15:35:55 - Woonzeker - INFO - Number of listings after applying filter 'rentalStatusNL':	9
26/04/2026 15:35:55 - root - INFO - -------------------------------------------------- Terminating Dzimba --------------------------------------------------
26/04/2026 15:36:31 - root - INFO - -------------------------------------------------- Initiating Dzimba --------------------------------------------------
26/04/2026 15:36:32 - Verra - INFO - Applying filters on source 'VERRA Makelaars'.
26/04/2026 15:36:32 - Verra - INFO - Number of listings before filtering:	755
26/04/2026 15:36:32 - Verra - INFO - Number of listings after applying filter 'city':	406
26/04/2026 15:36:32 - Verra - INFO - Number of listings after applying filter 'isForRental':	300
26/04/2026 15:36:32 - Verra - INFO - Number of listings after applying filter 'rentalStatusNL':	19
26/04/2026 15:36:32 - Verra - INFO - Number of listings after applying filter 'rentalStatusEN':	19
26/04/2026 15:36:32 - Verra - INFO - Number of listings after applying filter 'rentalPrice':	2
26/04/2026 15:36:32 - Verra - INFO - Number of listings after applying filter 'energyLabel':	2
26/04/2026 15:36:36 - RAANL - INFO - Applying filters on source 'Rent An Apartment NL'.
26/04/2026 15:36:36 - RAANL - INFO - Number of listings before filtering:	23
26/04/2026 15:36:36 - RAANL - INFO - Number of listings after applying filter 'city':	21
26/04/2026 15:36:36 - RAANL - INFO - Number of listings after applying filter 'rentalPrice':	4
26/04/2026 15:36:36 - RAANL - INFO - Filtering by energy label failed for source 'Rent An Apartment NL'
26/04/2026 15:36:36 - Pararius - INFO - -------------------------------------------------- INITIATING PARARIUS SEARCH --------------------------------------------------
26/04/2026 15:36:36 - Pararius - INFO - Requesting resource https://www.pararius.nl/huurwoningen/haarlem/2-slaapkamers/1000-1800/sinds-1
26/04/2026 15:36:36 - Pararius - INFO - No results returned by https://www.pararius.nl/huurwoningen/haarlem/2-slaapkamers/1000-1800/sinds-1.
26/04/2026 15:36:36 - Pararius - INFO - Requesting resource https://www.pararius.nl/huurwoningen/amersfoort/2-slaapkamers/1000-1800/sinds-1
26/04/2026 15:36:37 - Pararius - INFO - No results returned by https://www.pararius.nl/huurwoningen/amersfoort/2-slaapkamers/1000-1800/sinds-1.
26/04/2026 15:36:37 - Pararius - INFO - Requesting resource https://www.pararius.nl/huurwoningen/hilversum/2-slaapkamers/1000-1800/sinds-1
26/04/2026 15:36:37 - Pararius - INFO - No results returned by https://www.pararius.nl/huurwoningen/hilversum/2-slaapkamers/1000-1800/sinds-1.
26/04/2026 15:36:37 - Pararius - INFO - Requesting resource https://www.pararius.nl/huurwoningen/weesp/2-slaapkamers/1000-1800/sinds-1
26/04/2026 15:36:37 - Pararius - INFO - No results returned by https://www.pararius.nl/huurwoningen/weesp/2-slaapkamers/1000-1800/sinds-1.
26/04/2026 15:36:37 - Pararius - INFO - Requesting resource https://www.pararius.nl/huurwoningen/utrecht/2-slaapkamers/1000-1800/sinds-1
26/04/2026 15:36:38 - Pararius - INFO - No results returned by https://www.pararius.nl/huurwoningen/utrecht/2-slaapkamers/1000-1800/sinds-1.
26/04/2026 15:36:38 - Pararius - INFO - Requesting resource https://www.pararius.nl/huurwoningen/delft/2-slaapkamers/1000-1800/sinds-1
26/04/2026 15:36:38 - Pararius - INFO - No results returned by https://www.pararius.nl/huurwoningen/delft/2-slaapkamers/1000-1800/sinds-1.
26/04/2026 15:36:38 - Pararius - INFO - Requesting resource https://www.pararius.nl/huurwoningen/den-bosch/2-slaapkamers/1000-1800/sinds-1
26/04/2026 15:36:38 - Pararius - INFO - No results returned by https://www.pararius.nl/huurwoningen/den-bosch/2-slaapkamers/1000-1800/sinds-1.
26/04/2026 15:36:38 - Pararius - INFO - Requesting resource https://www.pararius.nl/huurwoningen/den-haag/2-slaapkamers/1000-1800/sinds-1
26/04/2026 15:36:39 - Pararius - INFO - No results returned by https://www.pararius.nl/huurwoningen/den-haag/2-slaapkamers/1000-1800/sinds-1.
26/04/2026 15:36:39 - Pararius - INFO - Requesting resource https://www.pararius.nl/huurwoningen/almere/2-slaapkamers/1000-1800/sinds-1
26/04/2026 15:36:39 - Pararius - INFO - No results returned by https://www.pararius.nl/huurwoningen/almere/2-slaapkamers/1000-1800/sinds-1.
26/04/2026 15:36:39 - Pararius - INFO - Requesting resource https://www.pararius.nl/huurwoningen/utrecht/2-slaapkamers/1000-1800/sinds-1
26/04/2026 15:36:39 - Pararius - INFO - No results returned by https://www.pararius.nl/huurwoningen/utrecht/2-slaapkamers/1000-1800/sinds-1.
26/04/2026 15:36:39 - Pararius - INFO - Requesting resource https://www.pararius.nl/huurwoningen/lelystad/2-slaapkamers/1000-1800/sinds-1
26/04/2026 15:36:40 - Pararius - INFO - No results returned by https://www.pararius.nl/huurwoningen/lelystad/2-slaapkamers/1000-1800/sinds-1.
26/04/2026 15:36:40 - Pararius - INFO - Requesting resource https://www.pararius.nl/huurwoningen/leiden/2-slaapkamers/1000-1800/sinds-1
26/04/2026 15:36:40 - Pararius - INFO - No results returned by https://www.pararius.nl/huurwoningen/leiden/2-slaapkamers/1000-1800/sinds-1.
26/04/2026 15:36:40 - Pararius - INFO - Requesting resource https://www.pararius.nl/huurwoningen/gouda/2-slaapkamers/1000-1800/sinds-1
26/04/2026 15:36:41 - Pararius - INFO - No results returned by https://www.pararius.nl/huurwoningen/gouda/2-slaapkamers/1000-1800/sinds-1.
26/04/2026 15:36:41 - RentalRotterdam - INFO - Applying filters on source 'Rental Rotterdam'.
26/04/2026 15:36:41 - RentalRotterdam - INFO - Number of listings before filtering:	7
26/04/2026 15:36:41 - RentalRotterdam - INFO - Number of listings after applying filter 'city':	7
26/04/2026 15:36:41 - RentalRotterdam - INFO - Number of listings after applying filter 'energyLabel':	6
26/04/2026 15:36:41 - root - WARNING - No logger configured for source LIV Residential.
26/04/2026 15:36:42 - Woonzeker - INFO - Applying filters on source 'Woonzeker'.
26/04/2026 15:36:42 - Woonzeker - INFO - Number of listings before filtering:	30
26/04/2026 15:36:42 - Woonzeker - INFO - Number of listings after applying filter 'rentalStatusNL':	9
26/04/2026 15:36:42 - root - INFO - -------------------------------------------------- Terminating Dzimba --------------------------------------------------
